Copied from: ApprovalResultsTest.TestUniqueNames.ForMachine.LLEWELLYNWINDOW.approved.txt
GetDotNetVersion => Net_v4.0.30319.42000
GetOsName => Microsoft_Windows_10_Home_N
GetUserName => ForUser.Tomas
